GDTEST_ANALYZER_ERROR
>> ERROR at line 3: "@reactive" annotation cannot be applied to a static variable.
>> ERROR at line 8: Identifier "global_counter_changed" not declared in the current scope.
