GDTEST_ANALYZER_ERROR
>> ERROR at line 4: "@reactive" annotation cannot be applied to a static variable.
