GDTEST_PARSER_ERROR
Annotation "@reactive" cannot be applied to a function.
